// Jest Snapshot v1, https://goo.gl/fbAQLP

exports[`App render the app correctly 1`] = `ShallowWrapper {}`;
