// Jest Snapshot v1, https://goo.gl/fbAQLP

exports[`Loot should render the Loot component properly 1`] = `ShallowWrapper {}`;
